
2026-05-07 10:46:32,347 - db_helper - INFO - fetch_expenses_for_date called with 2024-09-30
2026-05-07 10:46:32,516 - db_helper - INFO - fetch_expenses_summary called with start: 2024-08-01 end: 2024-08-05
2026-05-07 10:55:43,975 - db_helper - INFO - fetch_expenses_for_date called with 2024-08-01
2026-05-07 10:56:00,340 - db_helper - INFO - delete_expenses_for_date called with 2024-08-28
2026-05-07 10:56:00,694 - db_helper - INFO - insert_expenses called with date: 2024-08-28, amount: 20000.0, category: Shopping, notes: Brought a bmw
2026-05-07 14:17:49,302 - db_helper - INFO - fetch_expenses_for_date called with 2024-08-01
2026-05-07 14:17:54,030 - db_helper - INFO - delete_expenses_for_date called with 2024-08-28
2026-05-07 14:17:54,095 - db_helper - INFO - insert_expenses called with date: 2024-08-28, amount: 20000.0, category: Shopping, notes: Brought a bmw
2026-05-08 11:33:00,370 - db_helper - INFO - fetch_expenses_for_date called with 2024-08-01
2026-05-08 11:44:43,636 - db_helper - INFO - fetch_expenses_for_date called with 2024-08-01
2026-05-08 11:45:08,932 - db_helper - INFO - fetch_expenses_for_date called with 2024-08-01
2026-05-08 12:32:32,342 - db_helper - INFO - fetch_expenses_for_date called with 2024-08-01
2026-05-08 12:33:27,025 - db_helper - INFO - fetch_expenses_for_date called with 2024-08-01
2026-05-08 12:35:26,684 - db_helper - INFO - fetch_expenses_for_date called with 2024-08-01
2026-05-08 12:43:54,142 - db_helper - INFO - fetch_expenses_for_date called with 2024-08-01
2026-05-11 11:50:29,272 - db_helper - INFO - fetch_expenses_for_date called with 2024-08-01
2026-05-11 11:54:16,419 - db_helper - INFO - fetch_expenses_for_date called with 2024-08-01
2026-05-11 11:59:35,354 - db_helper - INFO - fetch_expenses_for_date called with 2024-08-01
2026-05-11 12:08:55,088 - db_helper - INFO - fetch_expenses_for_date called with 2024-08-01
2026-05-11 12:10:19,541 - db_helper - INFO - fetch_expenses_for_date called with 2024-08-01
2026-05-11 12:27:00,501 - db_helper - INFO - fetch_expenses_for_date called with 2024-08-01
2026-05-12 14:26:13,401 - db_helper - INFO - fetch_expenses_for_date called with 2024-08-01
2026-05-12 14:32:22,998 - db_helper - INFO - fetch_expenses_for_date called with 2024-08-01
2026-05-12 14:32:33,794 - db_helper - INFO - fetch_expenses_for_date called with 2024-08-01
2026-05-12 14:36:00,442 - db_helper - INFO - fetch_expenses_for_date called with 2024-08-01
2026-05-12 14:37:06,455 - db_helper - INFO - fetch_expenses_for_date called with 2024-08-01
2026-05-12 14:37:36,098 - db_helper - INFO - fetch_expenses_for_date called with 2024-08-01
2026-05-12 14:37:56,004 - db_helper - INFO - fetch_expenses_for_date called with 2024-08-01
2026-05-12 14:39:03,066 - db_helper - INFO - fetch_expenses_for_date called with 2024-08-01
2026-05-12 14:39:30,523 - db_helper - INFO - fetch_expenses_for_date called with 2024-08-02
2026-05-12 14:39:34,834 - db_helper - INFO - fetch_expenses_for_date called with 2024-08-02
2026-05-12 14:39:41,833 - db_helper - INFO - fetch_expenses_for_date called with 2024-08-23
2026-05-12 14:40:19,839 - db_helper - INFO - fetch_expenses_for_date called with 2024-08-06
2026-05-12 14:41:00,730 - db_helper - INFO - fetch_expenses_for_date called with 2024-08-01
2026-05-12 14:41:13,573 - db_helper - INFO - fetch_expenses_for_date called with 2024-08-02
2026-05-12 14:46:35,317 - db_helper - INFO - fetch_expenses_for_date called with 2024-08-02
2026-05-12 14:46:48,216 - db_helper - INFO - fetch_expenses_for_date called with 2024-08-02
2026-05-12 14:46:57,012 - db_helper - INFO - fetch_expenses_for_date called with 2024-08-02
2026-05-12 14:47:11,204 - db_helper - INFO - fetch_expenses_for_date called with 2024-08-01
2026-05-12 14:47:17,794 - db_helper - INFO - fetch_expenses_for_date called with 2024-08-17
2026-05-12 14:47:23,440 - db_helper - INFO - fetch_expenses_for_date called with 2024-08-29
2026-05-12 14:47:28,368 - db_helper - INFO - fetch_expenses_for_date called with 2024-08-14
2026-05-12 14:48:34,084 - db_helper - INFO - fetch_expenses_for_date called with 2024-08-06
2026-05-12 14:50:38,152 - db_helper - INFO - fetch_expenses_for_date called with 2024-08-02
2026-05-12 14:50:43,861 - db_helper - INFO - fetch_expenses_for_date called with 2024-08-03
2026-05-12 14:50:50,214 - db_helper - INFO - fetch_expenses_for_date called with 2024-08-07
2026-05-12 15:01:43,813 - db_helper - INFO - fetch_expenses_for_date called with 2024-08-07
2026-05-12 15:11:45,111 - db_helper - INFO - delete_expenses_for_date called with 2024-08-28
2026-05-12 15:11:45,226 - db_helper - INFO - insert_expenses called with date: 2024-08-28, amount: 20000.0, category: Shopping, notes: Brought a bmw
2026-05-12 15:20:06,889 - db_helper - INFO - fetch_expenses_for_date called with 2024-08-07
2026-05-12 15:21:27,717 - db_helper - INFO - fetch_expenses_for_date called with 2024-08-07
2026-05-12 15:21:29,835 - db_helper - INFO - delete_expenses_for_date called with 2024-08-07
2026-05-12 15:21:29,863 - db_helper - INFO - insert_expenses called with date: 2024-08-07, amount: 700.0, category: Shopping, notes: dryer
2026-05-12 15:21:29,904 - db_helper - INFO - insert_expenses called with date: 2024-08-07, amount: 100.0, category: Shopping, notes: comb
2026-05-12 15:21:29,933 - db_helper - INFO - insert_expenses called with date: 2024-08-07, amount: 20.0, category: Food, notes: burger
2026-05-14 11:03:04,767 - db_helper - INFO - fetch_expenses_for_date called with 2024-08-01
2026-05-14 11:35:24,558 - db_helper - INFO - fetch_expenses_summary called with start: 2024-08-01 end: 2024-08-05
2026-05-14 12:18:27,516 - db_helper - INFO - fetch_expenses_summary called with start: 2024-08-01 end: 2024-08-05
2026-05-14 12:18:27,519 - db_helper - INFO - fetch_expenses_summary called with start: 2024-08-01 end: 2024-08-05
2026-05-14 12:20:06,724 - db_helper - INFO - fetch_expenses_summary called with start: 2024-08-01 end: 2024-08-05
2026-05-15 10:56:35,612 - db_helper - INFO - fetch_expenses_summary called with start: 2024-08-01 end: 2024-08-05
2026-05-15 11:49:08,414 - db_helper - INFO - fetch_expenses_for_date called with 2024-08-01
2026-05-15 11:56:13,324 - db_helper - INFO - fetch_expenses_for_date called with 2024-08-01
2026-05-15 11:57:44,004 - db_helper - INFO - fetch_expenses_for_date called with 2024-08-01
2026-05-15 11:59:11,422 - db_helper - INFO - fetch_expenses_for_date called with 2024-08-01
2026-05-15 12:02:41,562 - db_helper - INFO - fetch_expenses_for_date called with 2024-08-01
2026-05-15 12:07:27,103 - db_helper - INFO - fetch_expenses_for_date called with 2024-08-01
2026-05-15 12:08:17,693 - db_helper - INFO - fetch_expenses_for_date called with 2024-08-01
2026-05-15 12:08:25,107 - db_helper - INFO - fetch_expenses_for_date called with 2024-08-01
2026-05-15 12:09:48,430 - db_helper - INFO - fetch_expenses_for_date called with 2024-08-01
2026-05-15 12:11:26,663 - db_helper - INFO - fetch_expenses_for_date called with 2024-08-01
2026-05-15 12:11:33,722 - db_helper - INFO - fetch_expenses_for_date called with 2024-08-01
2026-05-15 12:13:26,529 - db_helper - INFO - fetch_expenses_for_date called with 2024-08-01
2026-05-15 12:15:43,166 - db_helper - INFO - fetch_expenses_for_date called with 2024-08-01
2026-05-15 12:17:59,433 - db_helper - INFO - fetch_expenses_for_date called with 2024-08-01
2026-05-15 12:20:00,258 - db_helper - INFO - fetch_expenses_for_date called with 2024-08-01
2026-05-15 12:20:56,657 - db_helper - INFO - fetch_expenses_for_date called with 2024-08-01
2026-05-15 12:47:54,659 - db_helper - INFO - fetch_expenses_for_date called with 2024-08-01
2026-05-15 12:48:32,358 - db_helper - INFO - fetch_expenses_for_date called with 2024-08-01
2026-05-15 12:49:11,486 - db_helper - INFO - fetch_expenses_for_date called with 2024-08-01
2026-05-15 12:49:21,852 - db_helper - INFO - fetch_expenses_for_date called with 2024-08-01
2026-05-15 12:49:23,957 - db_helper - INFO - fetch_expenses_summary called with start: 2024-08-01 end: 2024-08-05
2026-05-19 10:11:36,782 - db_helper - INFO - fetch_expenses_for_date called with 2024-08-01
2026-05-19 10:25:35,856 - db_helper - INFO - fetch_expenses_for_date called with 2024-08-01
2026-05-19 10:27:58,474 - db_helper - INFO - fetch_expenses_summary called with start: 2024-08-01 end: 2024-08-05
2026-05-19 11:04:12,246 - db_helper - INFO - fetch_expenses_for_date called with 2024-08-01
2026-05-19 11:05:59,881 - db_helper - INFO - fetch_expenses_for_date called with 2024-08-01
2026-05-19 11:06:09,699 - db_helper - INFO - fetch_expenses_for_date called with 2024-08-01
2026-05-19 11:06:18,786 - db_helper - INFO - fetch_expenses_for_date called with 2024-08-01
2026-05-19 11:13:03,881 - db_helper - INFO - fetch_expenses_for_date called with 2024-08-01
2026-05-19 11:13:14,164 - db_helper - INFO - fetch_expenses_for_date called with 2024-08-01
2026-05-19 11:13:26,052 - db_helper - INFO - fetch_expenses_for_date called with 2024-08-01
2026-05-19 11:16:40,704 - db_helper - INFO - fetch_expenses_for_date called with 2024-08-01
2026-05-19 11:17:49,241 - db_helper - INFO - fetch_expenses_for_date called with 2024-08-01
2026-05-19 11:18:03,270 - db_helper - INFO - fetch_expenses_for_date called with 2024-08-01
2026-05-19 11:18:56,577 - db_helper - INFO - fetch_expenses_for_date called with 2024-08-01
2026-05-19 11:19:02,409 - db_helper - INFO - fetch_expenses_for_date called with 2024-08-01
2026-05-19 11:23:07,384 - db_helper - INFO - fetch_expenses_for_date called with 2024-08-01
2026-05-19 11:29:03,787 - db_helper - INFO - fetch_expenses_for_date called with 2024-08-01
2026-05-19 11:29:15,342 - db_helper - INFO - fetch_expenses_for_date called with 2024-08-01
2026-05-19 11:29:19,002 - db_helper - INFO - fetch_expenses_for_date called with 2024-08-01
2026-05-19 11:29:36,406 - db_helper - INFO - fetch_expenses_for_date called with 2024-08-01
2026-05-19 11:49:33,512 - db_helper - INFO - fetch_expenses_for_date called with 2024-08-01
2026-05-19 11:49:49,734 - db_helper - INFO - fetch_expenses_for_date called with 2024-08-01
2026-05-19 11:49:56,855 - db_helper - INFO - fetch_expenses_for_date called with 2024-08-01
2026-05-19 11:56:22,284 - db_helper - INFO - fetch_expenses_for_date called with 2024-08-01
2026-05-19 11:56:34,141 - db_helper - INFO - fetch_expenses_for_date called with 2024-08-01
2026-05-19 11:56:50,472 - db_helper - INFO - fetch_expenses_for_date called with 2024-08-01
2026-05-19 11:56:58,354 - db_helper - INFO - fetch_expenses_for_date called with 2024-08-01
2026-05-19 11:58:07,788 - db_helper - INFO - fetch_expenses_summary called with start: 2024-08-01 end: 2024-08-05
2026-05-19 11:58:09,090 - db_helper - INFO - fetch_expenses_summary called with start: 2024-08-01 end: 2024-08-05
2026-05-19 11:58:10,116 - db_helper - INFO - fetch_expenses_summary called with start: 2024-08-01 end: 2024-08-05
2026-05-19 11:58:11,119 - db_helper - INFO - fetch_expenses_summary called with start: 2024-08-01 end: 2024-08-05
2026-05-19 11:58:12,602 - db_helper - INFO - fetch_expenses_summary called with start: 2024-08-01 end: 2024-08-05
2026-05-19 11:58:13,858 - db_helper - INFO - fetch_expenses_summary called with start: 2024-08-01 end: 2024-08-05
2026-05-19 11:58:15,344 - db_helper - INFO - fetch_expenses_summary called with start: 2024-08-01 end: 2024-08-05
2026-05-19 11:58:47,335 - db_helper - INFO - fetch_expenses_for_date called with 2024-08-01
2026-05-19 11:58:51,660 - db_helper - INFO - fetch_expenses_for_date called with 2024-08-01
2026-05-19 11:58:53,760 - db_helper - INFO - fetch_expenses_summary called with start: 2024-08-01 end: 2024-08-05
2026-05-19 11:58:57,728 - db_helper - INFO - fetch_expenses_for_date called with 2024-08-01
2026-05-19 11:58:59,843 - db_helper - INFO - fetch_expenses_summary called with start: 2024-08-01 end: 2024-08-05
2026-05-19 11:59:12,931 - db_helper - INFO - fetch_expenses_for_date called with 2024-08-01
2026-05-19 11:59:18,939 - db_helper - INFO - fetch_expenses_for_date called with 2024-08-01
2026-05-19 11:59:21,069 - db_helper - INFO - fetch_expenses_summary called with start: 2024-08-01 end: 2024-08-05
2026-05-19 12:06:02,451 - db_helper - INFO - fetch_expenses_for_date called with 2024-08-01
2026-05-19 12:06:53,243 - db_helper - INFO - fetch_expenses_for_date called with 2024-08-01
2026-05-19 12:06:55,416 - db_helper - INFO - fetch_expenses_summary called with start: 2024-08-01 end: 2024-08-05
2026-05-19 12:09:34,049 - db_helper - INFO - fetch_expenses_for_date called with 2024-08-01
2026-05-19 12:09:40,040 - db_helper - INFO - fetch_expenses_for_date called with 2024-08-01
2026-05-19 12:09:42,135 - db_helper - INFO - fetch_expenses_summary called with start: 2024-08-01 end: 2024-08-05
2026-05-19 12:19:38,111 - db_helper - INFO - fetch_expenses_for_date called with 2024-08-01
2026-05-19 12:19:48,283 - db_helper - INFO - fetch_expenses_for_date called with 2024-08-01
2026-05-19 12:19:50,412 - db_helper - INFO - fetch_expenses_summary called with start: 2024-08-01 end: 2024-08-05
2026-05-19 12:20:39,130 - db_helper - INFO - fetch_expenses_for_date called with 2024-08-01
2026-05-19 12:20:51,500 - db_helper - INFO - fetch_expenses_for_date called with 2024-08-01
2026-05-19 12:20:53,631 - db_helper - INFO - fetch_expenses_summary called with start: 2024-08-01 end: 2024-08-05
2026-05-19 12:21:34,255 - db_helper - INFO - fetch_expenses_for_date called with 2024-08-01
2026-05-19 12:21:36,413 - db_helper - INFO - fetch_expenses_summary called with start: 2024-08-01 end: 2024-08-05
2026-05-19 12:22:28,908 - db_helper - INFO - fetch_expenses_for_date called with 2024-08-01
2026-05-19 12:22:35,207 - db_helper - INFO - fetch_expenses_for_date called with 2024-08-01
2026-05-19 12:22:37,339 - db_helper - INFO - fetch_expenses_summary called with start: 2024-08-01 end: 2024-08-05
2026-05-19 12:24:22,477 - db_helper - INFO - fetch_expenses_for_date called with 2024-08-01
2026-05-19 12:24:24,681 - db_helper - INFO - fetch_expenses_summary called with start: 2024-08-01 end: 2024-08-05
2026-05-19 12:24:46,192 - db_helper - INFO - fetch_expenses_for_date called with 2024-08-01
2026-05-19 12:24:48,321 - db_helper - INFO - fetch_expenses_summary called with start: 2024-08-01 end: 2024-08-05
2026-05-19 12:26:14,737 - db_helper - INFO - fetch_expenses_for_date called with 2024-08-01
2026-05-19 12:26:16,917 - db_helper - INFO - fetch_expenses_summary called with start: 2024-08-01 end: 2024-08-05
2026-05-19 12:26:45,967 - db_helper - INFO - fetch_expenses_for_date called with 2024-08-01
2026-05-19 12:26:53,541 - db_helper - INFO - fetch_expenses_for_date called with 2024-08-01
2026-05-19 12:26:55,652 - db_helper - INFO - fetch_expenses_summary called with start: 2024-08-01 end: 2024-08-05
2026-05-19 12:29:06,855 - db_helper - INFO - fetch_expenses_for_date called with 2024-08-01
2026-05-19 12:29:14,295 - db_helper - INFO - fetch_expenses_for_date called with 2024-08-01
2026-05-19 12:29:16,414 - db_helper - INFO - fetch_expenses_summary called with start: 2024-08-01 end: 2024-08-05
2026-05-19 12:31:42,323 - db_helper - INFO - fetch_expenses_for_date called with 2024-08-01
2026-05-19 12:31:47,958 - db_helper - INFO - fetch_expenses_for_date called with 2024-08-01
2026-05-19 12:31:50,073 - db_helper - INFO - fetch_expenses_summary called with start: 2024-08-01 end: 2024-08-05
2026-05-19 12:33:41,029 - db_helper - INFO - fetch_expenses_for_date called with 2024-08-01
2026-05-19 12:33:45,818 - db_helper - INFO - fetch_expenses_for_date called with 2024-08-01
2026-05-19 12:33:47,908 - db_helper - INFO - fetch_expenses_summary called with start: 2024-08-01 end: 2024-08-05
2026-05-19 12:35:51,808 - db_helper - INFO - fetch_expenses_for_date called with 2024-08-01
2026-05-19 12:35:56,379 - db_helper - INFO - fetch_expenses_for_date called with 2024-08-01
2026-05-19 12:35:58,488 - db_helper - INFO - fetch_expenses_summary called with start: 2024-08-01 end: 2024-08-05
2026-05-26 14:52:07,697 - db_helper - INFO - fetch_expenses_summary called with start: 2024-08-01 end: 2024-08-05
2026-05-26 15:18:12,352 - db_helper - INFO - fetch_expenses_for_date called with 2024-08-01
2026-05-26 15:18:26,648 - db_helper - INFO - fetch_expenses_for_date called with 2024-08-01
2026-05-26 15:18:28,789 - db_helper - INFO - fetch_expenses_summary called with start: 2024-08-01 end: 2024-08-05
2026-05-26 15:40:21,541 - db_helper - INFO - fetch_expenses_for_date called with 2024-08-01
2026-05-26 15:40:28,892 - db_helper - INFO - fetch_expenses_for_date called with 2024-08-01
2026-05-26 15:40:31,068 - db_helper - INFO - fetch_expenses_summary called with start: 2024-08-01 end: 2024-08-05
2026-05-26 15:42:16,054 - db_helper - INFO - fetch_expenses_for_date called with 2024-08-01
2026-05-26 15:42:21,517 - db_helper - INFO - fetch_expenses_for_date called with 2024-08-01
2026-05-26 15:42:23,628 - db_helper - INFO - fetch_expenses_summary called with start: 2024-08-01 end: 2024-08-05
2026-05-26 15:47:54,252 - db_helper - INFO - fetch_expenses_for_date called with 2024-08-01
2026-05-26 15:48:02,025 - db_helper - INFO - fetch_expenses_for_date called with 2024-08-01
2026-05-26 15:48:04,102 - db_helper - INFO - fetch_expenses_summary called with start: 2024-08-01 end: 2024-08-05
